SQL> ALTER TABLE unit ADD(
  2      unit_credit_points      NUMBER(2) DEFAULT 6 NOT NULL,
  3      CONSTRAINT ck_credit_points CHECK(unit_credit_points in (3,6,12))
  4  );

    unit_credit_points      NUMBER(2) DEFAULT 6 NOT NULL,
     *
ERROR at line 5:
ORA-01430: column being added already exists in table
https://docs.oracle.com/error-help/db/ora-01430/
SQL> COMMENT on COLUMN unit.unit_credit_points IS
  2      'unit credit points default 6';
Comment created.

SQL> drop table course CASCADE CONSTRAINTS PURGE;

drop table course CASCADE CONSTRAINTS PURGE
           *
ERROR at line 12:
ORA-00942: table or view does not exist
https://docs.oracle.com/error-help/db/ora-00942/
SQL> CREATE TABLE course (
  2      course_code         CHAR(5) NOT NULL,
  3      course_name         VARCHAR(20) NOT NULL,
  4      course_total_points NUMBER(3) NOT NULL
  5  )
  6
  7  COMMENT ON COLUMN course.course_code IS
  8      'course code as primary key';

COMMENT ON COLUMN course.course_code IS
 *
ERROR at line 20:
ORA-00922: missing or invalid option
https://docs.oracle.com/error-help/db/ora-00922/
SQL> CREATE TABLE unit_course (
  2      unit_code char(7) NOt NULL,
  3      course_code CHAR(5) not null
  4  );

CREATE TABLE unit_course (
             *
ERROR at line 24:
ORA-00955: name is already used by an existing object
https://docs.oracle.com/error-help/db/ora-00955/
SQL> COMMENT ON COLUMN unit_course.course_code IS
  2      'course code as primary foreign key'
  3
Comment created.

SQL> COMMENT ON COLUMN unit_course.unit_code IS
  2      'unit code as primary foreign key'
  3
Comment created.

SQL> SPOOL OFF

