SQL> ALTER TABLE unit ADD(
  2      unit_credit_points      NUMBER(2) DEFAULT 6 NOT NULL,
  3      CONSTRAINT ck_credit_points CHECK(unit_credit_points in (3,6,12))
  4  );

    unit_credit_points      NUMBER(2) DEFAULT 6 NOT NULL,
     *
ERROR at line 5:
ORA-01430: column being added already exists in table
https://docs.oracle.com/error-help/db/ora-01430/
SQL> COMMENT on COLUMN unit.unit_credit_points IS
  2      'unit credit points default 6';
Comment created.

SQL> drop table course CASCADE CONSTRAINTS PURGE;

drop table course CASCADE CONSTRAINTS PURGE
           *
ERROR at line 12:
ORA-00942: table or view does not exist
https://docs.oracle.com/error-help/db/ora-00942/
SQL> CREATE TABLE course (
  2      course_code         CHAR(5) NOT NULL,
  3      course_name         VARCHAR(20) NOT NULL,
  4      course_total_points NUMBER(3) NOT NULL
  5  )
  6
  7  COMMENT ON COLUMN course.course_code IS
  8      'course code as primary key';

COMMENT ON COLUMN course.course_code IS
 *
ERROR at line 20:
ORA-00922: missing or invalid option
https://docs.oracle.com/error-help/db/ora-00922/
SQL> ALTER TABLE course ADD CONSTRAINT course_pk PRIMARY KEY (course_code)
  2
  3  CREATE TABLE unit_course (
  4      unit_code char(7) NOt NULL,
  5      course_code CHAR(5) not null
  6  );

CREATE TABLE unit_course (
 *
ERROR at line 25:
ORA-01735: invalid ALTER TABLE option
https://docs.oracle.com/error-help/db/ora-01735/
SQL> COMMENT ON COLUMN unit_course.course_code IS
  2      'course code as primary foreign key'
  3
Comment created.

SQL> COMMENT ON COLUMN unit_course.unit_code IS
  2      'unit code as primary foreign key'
  3
Comment created.

SQL> ALTER TABLE unit_course ADD CONSTRAINT unit_course_pk PRIMARY KEY (unit_code, course_code)
  2  ALTER TABLE unit_course ADD CONSTRAINT unit_course_uc_fk1 FOREIGN KEY (unit_code) REFERENCES unit (unit_code)
  3  ALTER TABLE unit_course ADD CONSTRAINT unit_course_uc_fk2 FOREIGN KEY (course_code)) REFERENCES course (course_code)
  4
  5  SPOOL OFF
  6  SET ECHO OFF

ALTER TABLE unit_course ADD CONSTRAINT unit_course_uc_fk1 FOREIGN KEY
(unit_code) REFERENCES unit (unit_code)
*

ERROR at line 37:
ORA-01735: invalid ALTER TABLE option
https://docs.oracle.com/error-help/db/ora-01735/
